Archive member included because of file (symbol)

../bwlib\libusbh.a(hal_usb_host_enum.o)
                              ./Debug/usensor_237a_1.c.o (exmand)
../bwlib\libsd.a(ax32xx_sd.o)
                              ./Debug/src_hal_sd.c.o (ax32xx_sd0Init)
../bwlib\libavi.a(aviEncoder.o)
                              ./Debug/video_video_record.c.o (aviEncodeInit)
../bwlib\libavi.a(encoder_std.o)
                              ../bwlib\libavi.a(aviEncoder.o) (avi_encoder_std)
../bwlib\libavi.a(encoder_odml.o)
                              ../bwlib\libavi.a(aviEncoder.o) (avi_odmlAddoffset)
../bwlib\libavi.a(aviDecoder.o)
                              ./Debug/video_video_playback.c.o (aviDecodeInit)
../bwlib\libavi.a(decoder_std.o)
                              ../bwlib\libavi.a(aviDecoder.o) (avi_standard)
../bwlib\libavi.a(decoder_odml.o)
                              ../bwlib\libavi.a(aviDecoder.o) (avi_opendml)
../bwlib\libfs.a(fs.o)        ./Debug/taskSysScanDevice.c.o (fs_nodeinit)
../bwlib\libfs.a(diskio.o)    ./Debug/main.c.o (fs_init)
../bwlib\libfs.a(ff.o)        ../bwlib\libfs.a(fs.o) (clst2sect)
../bwlib\libfs.a(ffunicode.o)
                              ../bwlib\libfs.a(ff.o) (ff_uni2oem)
C:/MinGW-4.7.1/or1k-elf/lib/no-delay\libc.a(lib_a-memcpy.o)
                              ./Debug/resource_manager.c.o (memcpy)
C:/MinGW-4.7.1/or1k-elf/lib/no-delay\libc.a(lib_a-memset.o)
                              ./Debug/main.c.o (memset)
C:/MinGW-4.7.1/or1k-elf/lib/no-delay\libc.a(lib_a-strcat.o)
                              ./Debug/resource_manager.c.o (strcat)
C:/MinGW-4.7.1/or1k-elf/lib/no-delay\libc.a(lib_a-strcmp.o)
                              ./Debug/resource_manager.c.o (strcmp)
C:/MinGW-4.7.1/or1k-elf/lib/no-delay\libc.a(lib_a-strcpy.o)
                              ./Debug/resource_manager.c.o (strcpy)
C:/MinGW-4.7.1/or1k-elf/lib/no-delay\libc.a(lib_a-strlen.o)
                              ./Debug/resource_manager.c.o (strlen)
C:/MinGW-4.7.1/or1k-elf/lib/no-delay\libc.a(lib_a-strncmp.o)
                              ./Debug/resource_manager.c.o (strncmp)
C:/MinGW-4.7.1/lib/gcc/or1k-elf/4.9.1/no-delay\libgcc.a(_udivdi3.o)
                              ../bwlib\libfs.a(ff.o) (__udivdi3)
C:/MinGW-4.7.1/lib/gcc/or1k-elf/4.9.1/no-delay\libgcc.a(__udivsi3.o)
                              C:/MinGW-4.7.1/lib/gcc/or1k-elf/4.9.1/no-delay\libgcc.a(_udivdi3.o) (__udivsi3)
C:/MinGW-4.7.1/lib/gcc/or1k-elf/4.9.1/no-delay\libgcc.a(__umodsi3.o)
                              C:/MinGW-4.7.1/lib/gcc/or1k-elf/4.9.1/no-delay\libgcc.a(_udivdi3.o) (__umodsi3)
C:/MinGW-4.7.1/lib/gcc/or1k-elf/4.9.1/no-delay\libgcc.a(_clz.o)
                              C:/MinGW-4.7.1/lib/gcc/or1k-elf/4.9.1/no-delay\libgcc.a(_udivdi3.o) (__clz_tab)

Allocating common symbols
Common symbol       size              file

fp_jpegdc_ldone_hal
                    0x4               ./Debug/mjpeg_ax32xx_mjpeg.c.o
mscstack            0xc               ./Debug/husb_hal_usb_host_tpbulk.c.o
uvcisp              0x804             ./Debug/logo.c.o
fp_tmnow            0x4               ../bwlib\libfs.a(diskio.o)
fp_storage_wr       0x4               ../bwlib\libfs.a(diskio.o)
fp11_epout_isr_hal  0x4               ./Debug/main.c.o
jpegCache           0x4               ./Debug/multimedia_user_media.c.o
fp_stat_isr         0x4               ./Debug/isp_hal_isp.c.o
fp_ae_isr           0x4               ./Debug/isp_hal_isp.c.o
usb_varm            0x1c              ./Debug/main.c.o
WAV_TYPE_E          0x4               ./Debug/main.c.o
fp_uvc_off_hal      0x4               ./Debug/dusb_hal_usb_dev_enum.c.o
dev                 0x12              ../bwlib\libusbh.a(hal_usb_host_enum.o)
SysCtrl             0x5c              ./Debug/main.c.o
audsIStack          0xc               ./Debug/multimedia_user_media.c.o
jpegBStack          0x8               ./Debug/multimedia_user_media.c.o
jBLbuf              0x70800           ./Debug/husb_hal_usensor.c.o
fp_epout_isr_hal    0x4               ./Debug/main.c.o
tempFileName2       0x1c              ./Debug/taskVideoRecord.c.o
audioCache          0x4               ./Debug/multimedia_user_media.c.o
diskhal             0x48              ./Debug/husb_hal_usb_host_tpbulk.c.o
fp11_host_connect_hal
                    0x4               ./Debug/src_ax32xx_usb.c.o
fp_uvc_on_hal       0x4               ./Debug/dusb_hal_usb_dev_enum.c.o
pcm_buf             0x4               ./Debug/src_hal_auadc.c.o
mediaVideoCtrlB     0x94              ./Debug/main.c.o
uac_onflg           0x1               ./Debug/dusb_hal_usb_dev_enum.c.o
aviIdx1CacheB       0x4               ./Debug/multimedia_user_media.c.o
usbsta              0x6               ../bwlib\libusbh.a(hal_usb_host_enum.o)
usb_type            0x1               ./Debug/main.c.o
jbecsta             0x1               ./Debug/src_hal_mjpegB.c.o
scsi                0x18              ./Debug/dusb_hal_usb_msc.c.o
tempFileName1       0x1c              ./Debug/taskVideoRecord.c.o
[...]
Memory Configuration

Name             Origin             Length             Attributes
boot             0x01fffc00         0x00000200
ram_boot         0x00000000         0x00005000
ram_user         0x00000000         0x00005000
usbfifo          0x00008000         0x00001000
sdram            0x02000000         0x00800000
exsdram          0x00000000         0x00800000
*default*        0x00000000         0xffffffff

Linker script and memory map

LOAD ./Debug/ax32xx_reset.S.o
LOAD ./Debug/ax32xx_spi_boot_cfg.S.o
LOAD ./Debug/ax32xx_BLDRX32.S.o
LOAD ./Debug/main.c.o
LOAD ./Debug/resource_manager.c.o
LOAD ./Debug/upgrade.c.o
LOAD ./Debug/board.c.o
LOAD ./Debug/board_bwv1.c.o
LOAD ./Debug/config.c.o
LOAD ./Debug/display.c.o
LOAD ./Debug/explorer.c.o
LOAD ./Debug/filelist.c.o
LOAD ./Debug/font.c.o
LOAD ./Debug/icon.c.o
LOAD ./Debug/board_fpga.c.o
LOAD ./Debug/configGetValue.c.o
LOAD ./Debug/configSystem.c.o
LOAD ./Debug/logo.c.o
LOAD ./Debug/menuMovieRec.c.o
LOAD ./Debug/menuPlayBack.c.o
LOAD ./Debug/msgDeal.c.o
LOAD ./Debug/msgSysRecommend.c.o
LOAD ./Debug/msgSysUnshielded.c.o
LOAD ./Debug/taskManage.c.o
LOAD ./Debug/taskPhotoEncode.c.o
LOAD ./Debug/taskPhotoEncodeMsg.c.o
LOAD ./Debug/taskPlayBack.c.o
LOAD ./Debug/taskPlayBackMsg.c.o
LOAD ./Debug/taskPowerOff.c.o
LOAD ./Debug/taskSysScanDevice.c.o
LOAD ./Debug/taskUsbDevice.c.o
LOAD ./Debug/taskVideoRecord.c.o
LOAD ./Debug/taskVideoRecordMsg.c.o
LOAD ./Debug/toolFunc.c.o
LOAD ./Debug/uiAsternMsg.c.o
LOAD ./Debug/uiMenuDateTimeMsg.c.o
LOAD ./Debug/uiMenuDefaultMsg.c.o
LOAD ./Debug/uiMenuDelAllMsg.c.o
LOAD ./Debug/uiMenuDelCurMsg.c.o
LOAD ./Debug/uiMenuFormatMsg.c.o
LOAD ./Debug/uiMenuItemMsg.c.o
LOAD ./Debug/uiMenuLockCurMsg.c.o
LOAD ./Debug/uiMenuOptionMsg.c.o
LOAD ./Debug/uiMenuUnlockAllMsg.c.o
LOAD ./Debug/uiMenuUnlockCurMsg.c.o
LOAD ./Debug/uiMenuUsbMsg.c.o
LOAD ./Debug/uiNoFileMsg.c.o
LOAD ./Debug/uiTips1Msg.c.o
LOAD ./Debug/uiTipsMsg.c.o
LOAD ./Debug/uiWin.c.o
LOAD ./Debug/uiSelfTestMsg.c.o
LOAD ./Debug/uiMenuVersionMsg.c.o
LOAD ./Debug/taskAudioRecordMsg.c.o
LOAD ./Debug/taskAudioRecord.c.o
LOAD ./Debug/taskAudioPlay.c.o
LOAD ./Debug/taskAudioPlaydMsg.c.o
LOAD ./Debug/uiMenuItemRes.c.o
LOAD ./Debug/xos_x_cpu.c.o
LOAD ./Debug/xos_xmbox.c.o
LOAD ./Debug/xos_xmsgq.c.o
LOAD ./Debug/xos_xos.c.o
LOAD ./Debug/xos_xwork.c.o
LOAD ./Debug/multimedia_user_media.c.o
LOAD ./Debug/sUI_button.c.o
LOAD ./Debug/sUI_dialog.c.o
LOAD ./Debug/sUI_frameWin.c.o
LOAD ./Debug/sUI_imageIcon.c.o
LOAD ./Debug/sUI_itemManage.c.o
LOAD ./Debug/sUI_menuItem.c.o
LOAD ./Debug/sUI_menuItemEx.c.o
LOAD ./Debug/sUI_menuOption.c.o
LOAD ./Debug/sUI_progressBar.c.o
LOAD ./Debug/sUI_rect.c.o
LOAD ./Debug/sUI_stringIcon.c.o
LOAD ./Debug/sUI_tips.c.o
LOAD ./Debug/sUI_uiAlloc.c.o
LOAD ./Debug/sUI_widget.c.o
LOAD ./Debug/sUI_winManage.c.o
LOAD ./Debug/src_ax32xx_int.c.o
LOAD ./Debug/src_ax32xx_sys.c.o
LOAD ./Debug/src_ax32xx_dma.c.o
LOAD ./Debug/src_ax32xx_wdt.c.o
LOAD ./Debug/src_ax32xx_gpio.c.o
LOAD ./Debug/src_ax32xx_uart.c.o
LOAD ./Debug/src_ax32xx_timer.c.o
LOAD ./Debug/src_ax32xx_tminf.c.o
LOAD ./Debug/src_ax32xx_spi.c.o
LOAD ./Debug/src_ax32xx_rtc.c.o
LOAD ./Debug/src_ax32xx_md.c.o
LOAD ./Debug/src_ax32xx_iic.c.o
LOAD ./Debug/src_ax32xx_dac.c.o
LOAD ./Debug/src_ax32xx_adc.c.o
LOAD ./Debug/src_ax32xx_auadc.c.o
LOAD ./Debug/src_ax32xx_isp.c.o
LOAD ./Debug/src_jpeg_table.c.o
LOAD ./Debug/src_isp_tab.c.o
LOAD ./Debug/src_ax32xx_usb.c.o
LOAD ./Debug/src_ax32xx_misc.c.o
LOAD ./Debug/src_ax32xx_pip.c.o
LOAD ./Debug/src_ax32xx_btuart.c.o
LOAD ./Debug/src_ax32xx_crc.c.o
LOAD ./Debug/src_ax32xx_emi.c.o
LOAD ./Debug/src_ax32xx_rotate.c.o
LOAD ./Debug/src_ax32xx_osdcmp.c.o
LOAD ./Debug/osd_ax32xx_osd.c.o
LOAD ./Debug/csi_ax32xx_csi.c.o
LOAD ./Debug/lcd_ax32xx_lcd.c.o
LOAD ./Debug/mjpeg_ax32xx_mjpeg.c.o
LOAD ./Debug/resource_user_icon.c.o
LOAD ./Debug/resource_user_str.c.o
LOAD ./Debug/src_hal_adc.c.o
LOAD ./Debug/src_hal_csi.c.o
LOAD ./Debug/src_hal_dac.c.o
LOAD ./Debug/src_hal_eeprom.c.o
LOAD ./Debug/src_hal_gpio.c.o
LOAD ./Debug/src_hal_iic.c.o
LOAD ./Debug/src_hal_lcd.c.o
LOAD ./Debug/src_hal_md.c.o
LOAD ./Debug/src_hal_osd.c.o
LOAD ./Debug/src_hal_rtc.c.o
LOAD ./Debug/src_hal_sd.c.o
LOAD ./Debug/src_hal_spi.c.o
LOAD ./Debug/src_hal_timer.c.o
LOAD ./Debug/src_hal_uart.c.o
LOAD ./Debug/src_hal_watermark.c.o
LOAD ./Debug/src_hal_sys.c.o
LOAD ./Debug/src_hal_auadc.c.o
LOAD ./Debug/src_hal_mjpeg.c.o
LOAD ./Debug/src_hal_int.c.o
LOAD ./Debug/src_hal_wdt.c.o
LOAD ./Debug/src_hal_stream.c.o
LOAD ./Debug/src_hal_emi.c.o
LOAD ./Debug/src_hal_mjpegB.c.o
LOAD ./Debug/src_hal_osdcmp.c.o
LOAD ./Debug/src_hal_rotate.c.o
LOAD ./Debug/src_hal_lcdframe.c.o
LOAD ./Debug/isp_hal_isp.c.o
LOAD ./Debug/dusb_hal_usb_api.c.o
LOAD ./Debug/dusb_hal_usb_dev_enum.c.o
LOAD ./Debug/dusb_hal_usb_msc.c.o
LOAD ./Debug/dusb_hal_usb_uac.c.o
LOAD ./Debug/dusb_hal_usb_uvc.c.o
LOAD ./Debug/husb_hal_usb_host_api.c.o
LOAD ./Debug/husb_hal_usb_host_tpbulk.c.o
LOAD ./Debug/husb_hal_usb_host_uvc.c.o
LOAD ./Debug/husb_hal_usensor.c.o
LOAD ./Debug/audio_audio_playback.c.o
LOAD ./Debug/audio_audio_record.c.o
LOAD ./Debug/audio_ring_buffer.c.o
LOAD ./Debug/video_video_playback.c.o
LOAD ./Debug/video_video_record.c.o
LOAD ./Debug/video_video_record_B.c.o
LOAD ./Debug/image_image_decode.c.o
LOAD ./Debug/image_image_encode.c.o
LOAD ./Debug/wav_alaw.c.o
LOAD ./Debug/wav_imaadpcm.c.o
LOAD ./Debug/wav_pcm.c.o
LOAD ./Debug/wav_ulaw.c.o
LOAD ./Debug/wav_wav.c.o
LOAD ./Debug/stream_stream.c.o
LOAD ./Debug/gsensor_G_gma301.c.o
LOAD ./Debug/gsensor_gsensor.c.o
LOAD ./Debug/gsensor_G_sc7a30e.c.o
LOAD ./Debug/gsensor_g_da380.c.o
LOAD ./Debug/cmos_sensor_cmos_sensor.c.o
LOAD ./Debug/cmos_sensor_SENSOR_BF3a03.c.o
LOAD ./Debug/cmos_sensor_SENSOR_BF2013.c.o
LOAD ./Debug/cmos_sensor_SENSOR_BF3016.c.o
LOAD ./Debug/cmos_sensor_SENSOR_BF3703.c.o
LOAD ./Debug/cmos_sensor_SENSOR_GC0307.c.o
LOAD ./Debug/cmos_sensor_SENSOR_GC0308.c.o
LOAD ./Debug/cmos_sensor_SENSOR_GC0309.c.o
LOAD ./Debug/cmos_sensor_SENSOR_GC0328.c.o
LOAD ./Debug/cmos_sensor_SENSOR_GC1004.c.o
LOAD ./Debug/cmos_sensor_SENSOR_H42.c.o
LOAD ./Debug/cmos_sensor_SENSOR_H7640.c.o
LOAD ./Debug/cmos_sensor_SENSOR_HM1055.c.o
LOAD ./Debug/cmos_sensor_SENSOR_IT03A1.c.o
LOAD ./Debug/cmos_sensor_SENSOR_NT99141.c.o
LOAD ./Debug/cmos_sensor_SENSOR_NT99142.c.o
LOAD ./Debug/cmos_sensor_SENSOR_OV7670.c.o
LOAD ./Debug/cmos_sensor_SENSOR_OV7725.c.o
LOAD ./Debug/cmos_sensor_SENSOR_OV9710.c.o
LOAD ./Debug/cmos_sensor_SENSOR_OV9732.c.o
LOAD ./Debug/cmos_sensor_SENSOR_SC1045.c.o
LOAD ./Debug/cmos_sensor_SENSOR_SIV100B.c.o
LOAD ./Debug/cmos_sensor_SENSOR_SIV120B.c.o
LOAD ./Debug/cmos_sensor_SENSOR_SIV121DS.c.o
LOAD ./Debug/cmos_sensor_SENSOR_SP1409.c.o
LOAD ./Debug/cmos_sensor_SENSOR_H62.c.o
LOAD ./Debug/cmos_sensor_SENSOR_GC1034.c.o
LOAD ./Debug/cmos_sensor_SENSOR_OV7736.c.o
LOAD ./Debug/cmos_sensor_SENSOR_SP140A.c.o
LOAD ./Debug/cmos_sensor_SENSOR_GC1054.c.o
LOAD ./Debug/cmos_sensor_SENSOR_GC1064.c.o
LOAD ./Debug/cmos_sensor_SENSOR_H65.c.o
LOAD ./Debug/cmos_sensor_SENSOR_SC1243.c.o
LOAD ./Debug/cmos_sensor_SENSOR_GC1084.c.o
LOAD ./Debug/tft_lcd_lcd_mcu_st7789.c.o
LOAD ./Debug/tft_lcd_lcd_rgb_jl_lcd.c.o
LOAD ./Debug/tft_lcd_lcd_rgb_st7282.c.o
LOAD ./Debug/tft_lcd_tft_lcd.c.o
LOAD ./Debug/tft_lcd_lcd_mcu_5420.c.o
LOAD ./Debug/tft_lcd_lcd_mcu_r61509v.c.o
LOAD ./Debug/tft_lcd_lcd_rgb_ili8961.c.o
LOAD ./Debug/tft_lcd_lcd_rgb_ili9342c.c.o
LOAD ./Debug/tft_lcd_lcd_mcu_ili9328.c.o
LOAD ./Debug/tft_lcd_lcd_mcu_hx8352b.c.o
LOAD ./Debug/tft_lcd_lcd_mcu_st7789v.c.o
LOAD ./Debug/tft_lcd_lcd_mcu_hx8352c.c.o
LOAD ./Debug/tft_lcd_lcd_mcu_hx8357b.c.o
LOAD ./Debug/tft_lcd_lcd_rgb_ili9806e.c.o
LOAD ./Debug/tft_lcd_lcd_rgb_ota5182.c.o
LOAD ./Debug/tft_lcd_lcd_rgb_st7701.c.o
LOAD ./Debug/tft_lcd_lcd_mcu_lgdp4532.c.o
LOAD ./Debug/tft_lcd_lcd_mcu_9225G.c.o
LOAD ./Debug/tft_lcd_lcd_mcu_st7789v_spimode.c.o
LOAD ./Debug/tft_lcd_lcd_mcu_st7735S_spimode.c.o
LOAD ./Debug/usensor_237a_1.c.o
LOAD ./Debug/usensor_usensor.c.o
LOAD ./Debug/usensor_237a_2.c.o
LOAD ./Debug/nvfs_nvfs.c.o
LOAD ./Debug/Maxlib_max_user.c.o
LOAD ./Debug/Maxlib_uiDraw.c.o
LOAD ./Debug/std_misc.c.o
LOAD ./Debug/std_std_math.c.o
LOAD ./Debug/std_str.c.o
LOAD ./Debug/res_ascii.c.o
LOAD ./Debug/res_ascii_default.c.o
LOAD ./Debug/res_ascii_default_draw.c.o
LOAD ./Debug/res_ascii_num2.c.o
LOAD ./Debug/res_ascii_num2_draw.c.o
LOAD ./Debug/res_ascii_num3.c.o
LOAD ./Debug/res_ascii_num3_draw.c.o
LOAD ./Debug/res_ascii_num4.c.o
LOAD ./Debug/res_ascii_num4_draw.c.o
LOAD ./Debug/res_R.c.o
LOAD ./Debug/res_R_icon.c.o
LOAD ./Debug/res_R_string.c.o
LOAD ../bwlib\libusbh.a
LOAD ../bwlib\libsd.a
LOAD ../bwlib\libavi.a
LOAD ../bwlib\libfs.a
LOAD C:/MinGW-4.7.1/or1k-elf/lib/no-delay\libc.a
LOAD C:/MinGW-4.7.1/lib/gcc/or1k-elf/4.9.1/no-delay\libgcc.a

.bootsec        0x01fffc00      0x200 load address 0x00000000
 *(.bootsec)
 .bootsec       0x01fffc00      0x200 ./Debug/ax32xx_BLDRX32.S.o
                0x01fffc10                hex
                0x01fffc10                .hex
                0x01fffde4                .bootsect

.exception      0x00000000     0x1dc4 load address 0x00000200
                0x00000000                _exception_vma = .
 *(.vector)
 .vector        0x00000000      0x3f0 ./Debug/ax32xx_reset.S.o
                0x00000320                _start
                0x0000035c                _step_in
                0x000003a0                _step_out
 *(.vector.text)
 .vector.text   0x000003f0     0x15d0 ./Debug/src_ax32xx_int.c.o
                0x00000534                exception_uart_puts
                0x00000548                memcpy_flash2psram
                0x000005a0                flash_to_psram
                0x000006a0                exception_init
                0x0000076c                ax32xx_vddrtcCalculate
                0x00000798                my_memset
                0x000007c8                my_putchar
                0x000007dc                myputs
                0x00000804                my_putword
                0x00000818                dllcon_init
                0x000009c4                sdram_init
                0x00000a94                adcRead
                0x00000aec                adcConverStart
                0x00000b10                adcSetBaudrate
                0x00000b40                sysClkSet
                0x00000b9c                adcEnable
                0x00000c04                adcGetChannel
                0x00000c3c                sdram_tuning_check_2
                0x00000dbc                _sdr_tuning2_conifg_set
                0x00000ddc                sdram_clock_tune
                0x0000170c                exception
                0x000019a4                exception_trigger
 *(.vector.data)
 .vector.data   0x000019c0      0x100 ./Debug/ax32xx_reset.S.o
                0x000019c0                _step_data
 .vector.data   0x00001ac0      0x304 ./Debug/src_ax32xx_int.c.o
                0x00001ac0                tune_values
                0x00001c40                tune_by
                0x00001c4c                tune_tab_2_dll
                0x00001c5c                tune_tab_1_dll
                0x00001c6c                tune_tab_2_clk
                0x00001c8c                tune_tab_1_clk
                0x00001cac                tuning_test_addr
                0x00001d2c                tuning_test_data
                0x00001dac                SDRTUN2_CON
                0x00001db0                sdr_tune_source
                0x00001db4                chip_vision

.ram            0x00001de0     0x2ce0 load address 0x00001fe0
                0x00001de0                __sram_start = .
 *(.msk_var_use)
 *(.sdc_buf)
 .sdc_buf       0x00001de0       0x40 ../bwlib\libsd.a(ax32xx_sd.o)
 *(.sram_comm)
 .sram_comm     0x00001e20       0x60 ./Debug/xos_xmsgq.c.o
 .sram_comm     0x00001e80      0x280 ./Debug/src_ax32xx_isp.c.o
                0x00001e80                csi_stat
 .sram_comm     0x00002100     0x25c0 ./Debug/src_hal_sys.c.o
                0x00002100                ramuse
 .sram_comm     0x000046c0      0x400 ./Debug/husb_hal_usb_host_uvc.c.o
                0x000046c0                isobuf
                0x00004ac0                __sram_end = .

.fifo           0x00008000      0xce0
                0x00008000                __ufifo_start = .
 *(.sram_Usbfifo)
 .sram_Usbfifo  0x00008000      0xce0 ./Debug/src_hal_sys.c.o
                0x00008000                usbfifo
                0x00008ce0                __ufifo_end = .

.text           0x02000000    0x857c4 load address 0x00002000
                0x02000000                _text_start = .
 *(.text*)
 .text          0x02000000        0x0 ./Debug/ax32xx_reset.S.o
 .text          0x02000000        0x0 ./Debug/ax32xx_spi_boot_cfg.S.o
 .text          0x02000000        0x0 ./Debug/ax32xx_BLDRX32.S.o
 .text          0x02000000      0x5fc ./Debug/main.c.o
                0x02000000                registerTask
                0x0200008c                init
                0x02000594                systemService
                0x020005c8                sendDrawUIMsg
 .text.startup  0x020005fc       0xdc ./Debug/main.c.o
                0x020005fc                main
 .text          0x020006d8     0x202c ./Debug/resource_manager.c.o
                0x02000814                managerInit
                0x0200088c                managerCreate
                0x02000964                managerDestory
                0x020009dc                managerFileCount
                0x02000a74                managerFileCountEx
                0x02000ae0                managerLockFileExt
                0x02000b88                managerUnlockFileExt
                0x02000c34                managerCheckLock
                0x02000c70                managerCheckLockExt
                0x02000d00                managerFlush
                0x02000d6c                managerDelFileByIndex
                0x02000e7c                managerDelFileAll
                0x02000f60                managerScanStart
                0x02000fc8                managerScanEnd
                0x020010a4                explorerListHook
                0x020010bc                managerNameChange
                0x020012e4                managerSpaceCheck
                0x020017b8                manangerCheckFileType
                0x020019fc                managerAddFile
                0x02001aec                managerAddFileEx
                0x02001b4c                managerRenameExt
                0x02001bec                managerRename
                0x02001cac                managerLockFile
                0x02001d34                managerUnlockFile
                0x02001df4                managerDelFileByName
                0x02001f50                managerDelFileByFullName
                0x020020d0                managerFileNameCreater
                0x020022e4                managerFileScan
                0x020024dc                manangerGetFileFullPathName
                0x02002590                manangerGetFileName
                0x02002628                manangerFindFileAndDel
 .text          0x02002704      0x5c4 ./Debug/upgrade.c.o
                0x02002704                upgrade_uiProgress
                0x02002744                upgrade
 .text          0x02002cc8      0x37c ./Debug/board.c.o
                0x02002cc8                boardInit
                0x02002e5c                boardOpen
                0x02002f00                boardIoctrl
                0x02002f88                boardNameIoctrl
 .text          0x02003044      0xbd0 ./Debug/board_bwv1.c.o
                0x020038c0                getCurBatteryADC
                0x020038e0                getKeyADCvalue
                0x02003900                getKeyVal
                0x020039ec                getKey
                0x02003a70                keyScanKey
                0x02003bd8                board_powerCheck
 .text          0x02003c14      0x31c ./Debug/config.c.o
                0x02003c14                configCheckSumCal
                0x02003c58                userConfigSave
                0x02003cdc                userConfigReset
                0x02003dd8                userConfigInitial
                0x02003eb4                configSet
                0x02003ef0                configGet
 .text          0x02003f30      0xc3c ./Debug/display.c.o
                0x02003f30                dispLayerPIPOnlyBack
                0x02003fac                dispLayerPIPBakRightTop
                0x0200404c                dispLayerPIPFrtRightTop
                0x020040d0                dispLayerPIPFBHalf
                0x02004154                dispLayerPIPBFHalf
                0x020041d8                dispLayerPIPOnlyFront
                0x0200426c                dispLayerUninit
                0x020042c8                dispLayerGetResolution
                0x0200439c                dispLayerSetResolution
                0x02004488                dispLayerSetRotate
                0x020044bc                dispRatioResolutionCalculate
                0x02004594                dispLayerSetRatio
                0x02004644                dispLayerInit
                0x02004870                dispLayerShow
                0x020048b4                dispLayerGetFrame
                0x020048fc                dispLayerFreeFrame
                0x02004974                dispLayerSetFrame
                0x020049a0                dispLayerSetPIPMode
                0x02004a14                dispLayer_ABwin
                0x02004a60                dispLayer_getABwin
                0x02004a80                dispLayerSetFrontCrop
 .text          0x02004b6c        0x0 ./Debug/explorer.c.o
 .text          0x02004b6c      0xe48 ./Debug/filelist.c.o
 .text          0x020059b4      0x8dc ./Debug/font.c.o
                0x02005bc4                fontInit
                0x02005ce0                fontSetLanguage
                0x02005da4                fontGetStringInfo
                0x02005e54                fontDrawString
                0x02006044                resGetString
                0x0200615c                resGetChar
 .text          0x02006290      0x2a4 ./Debug/icon.c.o
                0x02006290                iconInit
                0x02006300                iconGetSize
                0x020063a4                iconGetData
                0x02006440                iconGetAddr
                0x020064b4                iconGetPalette
 .text          0x02006534        0x0 ./Debug/board_fpga.c.o
 .text          0x02006534       0x58 ./Debug/configGetValue.c.o
                0x02006534                configValue2Int
 .text          0x0200658c      0x218 ./Debug/configSystem.c.o
                0x0200658c                configLanguage
                0x02006604                configSys
                0x02006768                configSystem
 .text          0x020067a4      0x648 ./Debug/logo.c.o
                0x020067a4                upgrade_uvc
                0x02006870                logo_image_show
                0x02006998                logo_music_show
                0x02006b50                layout_logo_show
                0x02006c1c                layout_version_get
                0x02006d08                layout_keysound_load
 .text          0x02006dec       0x84 ./Debug/menuMovieRec.c.o
                0x02006dec                menuProcDateTime
                0x02006e18                menuProcFormat
                0x02006e44                menuProcDefault
 .text          0x02006e70       0xdc ./Debug/menuPlayBack.c.o
                0x02006e70                menuProcDelCur
                0x02006e9c                menuProcDelAll
                0x02006ec8                menuProcLockCur
                0x02006ef4                menuProcUnlockCur
                0x02006f20                menuProcUnlockAll
 .text          0x02006f4c      0x360 ./Debug/msgDeal.c.o
                0x02006f4c                msgFuncRegister
                0x02007004                unshieldedMsgFuncRegister
                0x02007080                msgDeal
                0x020071b8                msgDealByType
                0x02007250                msgDealByMsgInfor
 .text          0x020072ac      0x1b8 ./Debug/msgSysRecommend.c.o
 .text          0x02007464      0x52c ./Debug/msgSysUnshielded.c.o
 .text          0x02007990      0x508 ./Debug/taskManage.c.o
                0x02007990                taskInit
                0x02007a04                taskInfor
                0x02007a8c                taskRegister
                0x02007b30                taskCurrent
                0x02007b50                taskNext
                0x02007b70                taskStart
                0x02007c54                taskChange
                0x02007ce0                taskService
 .text          0x02007e98      0x41c ./Debug/taskPhotoEncode.c.o
                0x02007e98                taskPhotoEncodeService
                0x02007eac                taskPhotoEncodeOpen
                0x02007f0c                taskPhotoEncodeClose
                0x02007f70                task_image_createfile
                0x0200807c                image_take_photo
 .text          0x020082b4      0xacc ./Debug/taskPhotoEncodeMsg.c.o
 .text          0x02008d80      0x4b4 ./Debug/taskPlayBack.c.o
                0x02008d80                taskPlayBackClose
                0x02008dcc                video_playback_start
                0x020090bc                taskPlayBackOpen
                0x02009188                taskPlayBackService
 .text          0x02009234      0xf7c ./Debug/taskPlayBackMsg.c.o
 .text          0x0200a1b0      0x1e4 ./Debug/taskPowerOff.c.o
                0x0200a1b0                uninit
                0x0200a36c                taskPowerOffOpen
 .text          0x0200a394     0x1398 ./Debug/taskSysScanDevice.c.o
                0x0200a394                timerMsgSend
                0x0200a438                setKeyEn
                0x0200a458                deamon_astern_check
                0x0200a598                reflush_usensor_check
                0x0200a600                setSoftwareDetachUsensor
                0x0200a620                deamon_usb_check
                0x0200ab00                deamon_gsensor_check
                0x0200abe8                deamon_screen_save
                0x0200ad38                deamon_key_check
                0x0200ae6c                deamon_auto_poweroff
                0x0200af80                deamon_keysound_play
                0x0200b040                deamon_fsFreeSize
                0x0200b0e8                deamon_fs_scan
                0x0200b378                deamon_sdc_check
                0x0200b5d0                taskSysScanDev
                0x0200b698                deamon_fsSizeModify
 .text          0x0200b72c      0x1f8 ./Debug/taskUsbDevice.c.o
 .text          0x0200b924     0x1200 ./Debug/taskVideoRecord.c.o
                0x0200b924                taskVideoRecordeService
                0x0200ba1c                video_record_start
                0x0200bad4                task_record_stop
                0x0200bb6c                taskVideoRecordeClose
                0x0200bc7c                task_video_record_caltime
                0x0200bce4                video_record_callback
                0x0200c914                taskVideoRecordeOpen
                0x0200ca58                taskVideoRecTimeIncreace
                0x0200ca6c                videoCapturePhoto
 .text          0x0200cb24     0x1214 ./Debug/taskVideoRecordMsg.c.o
                0x0200dbdc                recordTimeCount1S
 .text          0x0200dd38       0xcc ./Debug/toolFunc.c.o
                0x0200dd38                intToString
 .text          0x0200de04      0x81c ./Debug/uiAsternMsg.c.o
 .text          0x0200e620      0x808 ./Debug/uiMenuDateTimeMsg.c.o
                0x0200eac0                dateTimeStrUpdate
                0x0200eae8                dateTimeIncreace
                0x0200ec88                dateTimeDecreace
 .text          0x0200ee28      0x32c ./Debug/uiMenuDefaultMsg.c.o
 .text          0x0200f154      0x450 ./Debug/uiMenuDelAllMsg.c.o
 .text          0x0200f5a4      0x450 ./Debug/uiMenuDelCurMsg.c.o
 .text          0x0200f9f4      0x444 ./Debug/uiMenuFormatMsg.c.o
 .text          0x0200fe38      0xcf8 ./Debug/uiMenuItemMsg.c.o
                0x02010b10                menuIsOpen
 .text          0x02010b30      0x4bc ./Debug/uiMenuLockCurMsg.c.o
 .text          0x02010fec      0x404 ./Debug/uiMenuOptionMsg.c.o
 .text          0x020113f0      0x4b0 ./Debug/uiMenuUnlockAllMsg.c.o
 .text          0x020118a0      0x4c0 ./Debug/uiMenuUnlockCurMsg.c.o
 .text          0x02011d60      0x35c ./Debug/uiMenuUsbMsg.c.o
 .text          0x020120bc      0x140 ./Debug/uiNoFileMsg.c.o
 .text          0x020121fc      0x37c ./Debug/uiTips1Msg.c.o
 .text          0x02012578      0x360 ./Debug/uiTipsMsg.c.o
 .text          0x020128d8      0x504 ./Debug/uiWin.c.o
                0x020128d8                dialogCB
                0x02012b14                uiParentDealMsg
                0x02012b44                uiOpenWindow
                0x02012c74                uiOpenWinAndShow
                0x02012dac                windowIsOpen
 .text          0x02012ddc      0x970 ./Debug/uiSelfTestMsg.c.o
 .text          0x0201374c        0x0 ./Debug/uiMenuVersionMsg.c.o
 .text          0x0201374c      0x1b4 ./Debug/taskAudioRecordMsg.c.o
 .text          0x02013900      0x340 ./Debug/taskAudioRecord.c.o
                0x02013900                taskAudioRecordeOpen
                0x020139b4                taskAudioRecordeClose
                0x020139f0                audio_record_callback
                0x02013b78                taskAudioRecordeService
 .text          0x02013c40      0x198 ./Debug/taskAudioPlay.c.o
                0x02013c40                taskAudioPlayOpen
                0x02013c80                taskAudioPlayClose
                0x02013cbc                taskAudioPlayService
                0x02013cdc                audio_play_start
 .text          0x02013dd8      0x4cc ./Debug/taskAudioPlaydMsg.c.o
 .text          0x020142a4        0x0 ./Debug/uiMenuItemRes.c.o
 .text          0x020142a4        0x0 ./Debug/xos_x_cpu.c.o
 .text          0x020142a4      0x1b0 ./Debug/xos_xmbox.c.o
                0x020142a4                XMboxInit
                0x020142e4                XMboxCreate
                0x0201436c                XMboxDestory
                0x020143a4                XMboxPost
                0x020143f8                XMboxPend
 .text          0x02014454      0x2e4 ./Debug/xos_xmsgq.c.o
                0x02014454                XMsgQInit
                0x02014494                XMsgQCreate
                0x02014524                XMsgQDestory
                0x0201455c                XMsgQFlush
                0x0201459c                XMsgQPost
                0x02014614                XMsgQPostFront
                0x02014690                XMsgQPend
                0x02014720                XMsgQCheck
 .text          0x02014738      0x12c ./Debug/xos_xos.c.o
                0x02014738                XOSInit
                0x02014778                XOSTickService
                0x020147e8                XOSTimeGet
                0x02014808                XOSTimeDly
                0x02014844                XOSRandom
 .text          0x02014864      0x168 ./Debug/xos_xwork.c.o
                0x02014864                XWorkInit
                0x020148a4                XWorkCreate
                0x02014930                XWorkDestory
                0x02014960                XWorkService
 .text          0x020149cc        0x0 ./Debug/multimedia_user_media.c.o
 .text          0x020149cc      0x1f4 ./Debug/sUI_button.c.o
                0x02014aa8                buttonCreate
                0x02014b1c                buttonCreateIndirect
 .text          0x02014bc0      0x188 ./Debug/sUI_dialog.c.o
                0x02014bc0                dialogCreate
                0x02014c90                dialogItem
 .text          0x02014d48      0x224 ./Debug/sUI_frameWin.c.o
                0x02014e98                frameWinCreate
                0x02014efc                frameWinCreateIndirect
 .text          0x02014f6c      0x278 ./Debug/sUI_imageIcon.c.o
                0x020150bc                imageIconCreate
                0x02015168                imageIconCreateIndirect
 .text          0x020151e4     0x1734 ./Debug/sUI_itemManage.c.o
                0x02015258                itemManageCreate
                0x020152dc                itemManageCreateIndirect
                0x02015350                itemManageSetItemHeight
                0x020154d4                itemManageSetHeightAvgGap
                0x02015648                itemManageSetRowSum
                0x020157a4                itemManageSetColumnSum
                0x020158f4                itemManageSetColumnSumWithGap
                0x02015a70                itemManageSetColumnMargin
                0x02015ba0                itemManageCreateItem
                0x02015d3c                itemManageSetResInforFuncEx
                0x02015d94                itemManageSetCurItem
                0x02016090                itemManageUpdateRes
                0x02016148                itemManageUpdateAllitem
                0x020161ac                itemManageUpdateCurItem
                0x02016350                itemManageNextItem
                0x020163c0                itemManagePreItem
                0x02016430                itemManageGetCurrentItem
                0x02016494                itemManageSetCharInfor
                0x0201654c                itemManageSetSelectColor
                0x020165f8                itemManageSetSelectImage
                0x02016694                itemManageSetUnselectColor
                0x02016740                itemManageSetUnselectImage
                0x020167dc                itemManageGetResNum
 .text          0x02016918      0x398 ./Debug/sUI_menuItem.c.o
                0x02016b1c                menuItemCreate
                0x02016bc4                itemCreateMenuItem
 .text          0x02016cb0      0x494 ./Debug/sUI_menuItemEx.c.o
                0x02016f3c                menuItemExCreate
                0x02016fec                itemCreateMenuItemEx
 .text          0x02017144      0x324 ./Debug/sUI_menuOption.c.o
                0x020172fc                menuOptionCreate
                0x020173a0                itemCreatemenuOption
 .text          0x02017468      0x248 ./Debug/sUI_progressBar.c.o
                0x020175b4                progressBarCreate
                0x02017638                progressBarCreateIndirect
 .text          0x020176b0      0x1fc ./Debug/sUI_rect.c.o
                0x020177b4                rectCreate
                0x02017838                rectCreateIndirect
 .text          0x020178ac      0x2c0 ./Debug/sUI_stringIcon.c.o
                0x02017a2c                stringIconCreate
                0x02017ad8                stringIconCreateIndirect
 .text          0x02017b6c      0x2a8 ./Debug/sUI_tips.c.o
                0x02017d00                tipsCreate
                0x02017d8c                tipsCreateIndirect
 .text          0x02017e14      0x30c ./Debug/sUI_uiAlloc.c.o
                0x02017e14                uiHeapInit
                0x02017e4c                uiAlloc
                0x02017f54                uiFree
                0x02018054                uiHeapInfor
                0x0201810c                heapAllocTest
 .text          0x02018120      0x11c ./Debug/sUI_widget.c.o
                0x02018120                widgetProc
                0x0201816c                widgetSetType
                0x0201819c                widgetGetType
                0x020181d0                widgetGetId
                0x02018208                widgetSetId
 .text          0x0201823c     0x1828 ./Debug/sUI_winManage.c.o
                0x0201823c                winSendMsg
                0x0201827c                winSendMsgNoData
                0x020182a4                winSendMsgToParent
                0x020182d4                winSendMsgToParentNoData
                0x020182fc                winOverlapping
                0x02018360                winContain
                0x02018630                winCreate
                0x02018a94                winDestroy
                0x02018c48                winTouch
                0x02018d58                winSetbgColor
                0x02018d8c                winSetfgColor
                0x02018dc0                winSetVisible
                0x02018e44                winIsVisible
                0x02018e80                winSetResid
                0x02018eb0                winSetItemSelResid
                0x02018ee0                winSetStrInfor
                0x02018f20                winSetSelectInfor
                0x02018f64                winSetUnselectInfor
                0x02018fa8                winChangeNotify
                0x02019010                winDefaultProc
                0x02019430                winResize
                0x02019584                winGetRelativePos
                0x02019614                winGetPos
                0x02019658                winUpdate
                0x020196c8                winSetPorgressRate
                0x020196f8                winGetCurrent
                0x02019718                winPaint
                0x020197b8                winSetName
                0x020197d8                winIntersection
                0x0201988c                winUpdateAllResId
                0x020198f0                winDestroyDeskTopChildWin
                0x02019964                winInit
                0x02019a08                winUninit
 .text          0x02019a64      0x3bc ./Debug/src_ax32xx_int.c.o
                0x02019a64                ax32xx_intHandler
                0x02019a78                fast_isr
                0x02019b58                slow_isr
                0x02019c4c                ax32xx_intEnable
                0x02019c94                ax32xx_int_priority
                0x02019cdc                ax32xx_intInit
 .text          0x02019e20      0x9dc ./Debug/src_ax32xx_sys.c.o
                0x02019e20                ax32xx_sysCpuMsDelay
                0x02019e5c                ax32xx_sysCpuNopDelay
                0x02019e84                ax32xx_sysDcacheInit
                0x02019ec8                ax32xx_sysIcacheInit
                0x02019f0c                ax32xx_sysDcacheWback
                0x02019f88                ax32xx_sysDcacheFlush
                0x0201a004                ax32xx_sysDcacheInvalid
                0x0201a080                ax32xx_sysSRAMClear
                0x0201a0d4                ax32xx_sysBSSClear
                0x0201a138                ax32xx_sysLDOSet
                0x0201a31c                ax32xx_sysClkSet
                0x0201a378                ax32xx_sysReset
                0x0201a3b8                ax32xx_sys_dma_memdown
                0x0201a41c                ax32xx_sys_dma_memkick
                0x0201a4e0                ax32xx_mcpy_gram2ufifo
                0x0201a540                ax32xx_mcpy1_sdram2gram
                0x0201a5e4                ax32xx_sysInit
                0x0201a73c                ax32xx_sysUninit
 .text          0x0201a7fc      0x298 ./Debug/src_ax32xx_dma.c.o
                0x0201a7fc                ax32xx_dmaNocCfg
                0x0201aa24                ax32xx_dmaNocDefault
                0x0201aa4c                ax32xx_dmaChannelEnable
 .text          0x0201aa94       0x98 ./Debug/src_ax32xx_wdt.c.o
                0x0201aa94                ax32xx_wdtEnable
                0x0201aac8                ax32xx_wdtTimeSet
                0x0201aadc                ax32xx_wdtClear
                0x0201ab10                ax32xx_wdtReset
 .text          0x0201ab2c      0xe08 ./Debug/src_ax32xx_gpio.c.o
                0x0201ab2c                ax32xx_gpioSFRSet
                0x0201ad70                ax32xx_gpioDirSet
                0x0201ae14                ax32xx_gpioPullSet
                0x0201aee0                ax32xx_gpioDrvSet
                0x0201af70                ax32xx_gpioDataSet
                0x0201affc                ax32xx_gpioDataGrounpSet
                0x0201b078                ax32xx_gpioDataGet
                0x0201b0fc                ax32xx_gpioMapSet
                0x0201b18c                ax32xx_gpioDigitalSet
                0x0201b21c                ax32xx_gpioHystersisSet
                0x0201b2ac                ax32xx_gpioLedPull
                0x0201b378                ax32xx_gpioLedInit
                0x0201b408                ax32xx_gpioINTCheck
                0x0201b440                ax32xx_gpioINTClear
                0x0201b468                ax32xx_gpioINTInit
                0x0201b598                ax32xx_gpioIRQHandler
                0x0201b634                ax32xx_io1d1_softstart
                0x0201b7f4                ax32xx_io1d1_softstart_clr
                0x0201b8a4                ax32xx_io1d1_pd_enable
 .text          0x0201b934      0x1a4 ./Debug/src_ax32xx_uart.c.o
                0x0201b934                ax32xx_uart0IRQHandler
                0x0201b984                ax32xx_uart0IOCfg
                0x0201ba24                ax32xx_uart0Init
                0x0201ba98                ax32xx_uart0SendByte
 .text          0x0201bad8      0x4c0 ./Debug/src_ax32xx_timer.c.o
                0x0201bad8                ax32xx_timer0IRQHandler
                0x0201bb1c                ax32xx_timer1IRQHandler
                0x0201bb60                ax32xx_timer2IRQHandler
                0x0201bba4                ax32xx_timer3IRQHandler
                0x0201bbe8                ax32xx_timerISRRegister
                0x0201bc2c                ax32xx_timerStart
                0x0201bd28                ax32xx_timerStop
                0x0201bdf8                ax32xx_timerEnable
                0x0201be84                ax32xx_timerDisable
                0x0201bf28                ax32xx_timerTickStart
                0x0201bf5c                ax32xx_timerTickStop
                0x0201bf7c                ax32xx_timerTickCount
 .text          0x0201bf98      0x468 ./Debug/src_ax32xx_tminf.c.o
                0x0201bf98                ax32xx_mjpegATimeinfoEnable
                0x0201c004                ax32xx_mjpegBTimeinfoEnable
                0x0201c070                ax32xx_mjpegATimeinfoColor
                0x0201c0bc                ax32xx_mjpegBTimeinfoColor
                0x0201c118                ax32xx_mjpegATimeinfoSize
                0x0201c174                ax32xx_mjpegBTimeinfoSize
                0x0201c1fc                ax32xx_mjpegATimeinfoPos
                0x0201c258                ax32xx_mjpegBTimeinfoPos
                0x0201c2e0                ax32xx_mjpegATimeinfoAddr
                0x0201c324                ax32xx_mjpegBTimeinfoAddr
                0x0201c394                ax32xx_recfg_mjpb_tminf
 .text          0x0201c400      0x7f4 ./Debug/src_ax32xx_spi.c.o
                0x0201c400                ax32xx_spi0Init
                0x0201c620                ax32xx_spi0SendByte
                0x0201c674                ax32xx_spi0RecvByte
                0x0201c6c8                ax32xx_spi0Send0
                0x0201c780                ax32xx_spi0Recv0
                0x0201c838                ax32xx_spi0CS0Config
                0x0201c87c                spi1_pin_config
                0x0201c94c                hal_spi1Init
                0x0201c9c4                spi1_send_byte
                0x0201ca34                spi1_receive_byte
                0x0201ca7c                spi1_recevie_dma
                0x0201cb14                spi1_send_dma
                0x0201cbb0                spi1_enable
 .text          0x0201cbf4      0xb7c ./Debug/src_ax32xx_rtc.c.o
                0x0201cbf4                ax32xx_rtcWriteByte
                0x0201cc44                ax32xx_rtcReadByte
                0x0201cca8                ax32xx_rtcRamRead
                0x0201cd44                ax32xx_rtcRamWrite
                0x0201cde0                ax32xx_rtcDataRead
                0x0201ce68                ax32xx_rtcDataWrite
                0x0201cef0                ax32xx_rtcInit
                0x0201cfa0                ax32xx_rtcIRQHandler
                0x0201d060                ax32xx_rtcSencodEnable
                0x0201d0dc                ax32xx_rtcAlamEnable
                0x0201d1c4                ax32xx_rtcAlamSet
                0x0201d20c                ax32xx_rtcGet
                0x0201d260                ax32xx_rtcSet
                0x0201d2a8                ax32xx_WKOEnable
                0x0201d304                ax32xx_VDDGSENEnable
                0x0201d374                ax32xx_WKI0InputEnable
                0x0201d3e4                ax32xx_WKI1InputEnable
                0x0201d454                ax32xx_WKI1Read
                0x0201d478                ax32xx_WKI0Read
                0x0201d49c                ax32xx_WKI1WakeupEnable
                0x0201d604                ax32xx_WKI1WakeupTriger
                0x0201d654                ax32xx_WKI1CleanPending
                0x0201d690                ax32xx_rtcBatDecEnable
                0x0201d700                ax32xx_rtcSenHVEnable
 .text          0x0201d770      0x118 ./Debug/src_ax32xx_md.c.o
                0x0201d770                ax32xx_mdEnable
                0x0201d7d8                ax32xx_mdEnable_check
                0x0201d7f8                ax32xx_mdInit
                0x0201d840                ax32xx_mdXPos
                0x0201d864                ax32xx_mdYPos
 .text          0x0201d888      0x8a0 ./Debug/src_ax32xx_iic.c.o
                0x0201d940                software_iic_sdaout
                0x0201d974                software_iic_sdain
                0x0201d9a8                software_iic_sda_set
                0x0201d9d4                software_iic_scl_set
                0x0201da00                software_iic_sda_get
                0x0201da28                software_iic_init
                0x0201da58                software_iic_start
                0x0201dad0                software_iic_stop
                0x0201db48                software_iic_wait_ack
                0x0201dc00                ax32xx_iic0Init
                0x0201dcc0                ax32xx_iic0Uninit
                0x0201dd04                ax32xx_iic0Start
                0x0201dd20                ax32xx_iic0Stop
                0x0201dd60                ax32xx_iic0RecvACK
                0x0201dd88                ax32xx_iic0SendACK
                0x0201ddac                ax32xx_iic0SendByte
                0x0201ddfc                ax32xx_iic0RecvByte
                0x0201de50                ax32xx_iic1Init
                0x0201df10                ax32xx_iic1Uninit
                0x0201df74                ax32xx_iic1Start
                0x0201df90                ax32xx_iic1Stop
                0x0201dff0                ax32xx_iic1RecvACK
                0x0201e018                ax32xx_iic1SendACK
                0x0201e03c                ax32xx_iic1SendByte
                0x0201e0ac                ax32xx_iic1RecvByte
 .text          0x0201e128      0x66c ./Debug/src_ax32xx_dac.c.o
                0x0201e168                ax32xx_dacIRQHandler
                0x0201e23c                ax32xx_dacSampleRateSet
                0x0201e2ac                ax32xx_dacEnable
                0x0201e330                ax32xx_dacVolumeSet
                0x0201e3a8                ax32xx_dacBufferSet
                0x0201e3c8                ax32xx_dacBufferFlush
                0x0201e3e8                ax32xx_dacReset
                0x0201e40c                ax32xx_dacStart
                0x0201e488                ax32xx_dacStop
                0x0201e4b8                ax32xx_dacISRRegister
                0x0201e4d8                ax32xx_dacHPSet
                0x0201e56c                eq_coeff_init
                0x0201e5dc                eq_gain_init
                0x0201e64c                ax32xx_dacInit
 .text          0x0201e794      0x114 ./Debug/src_ax32xx_adc.c.o
                0x0201e794                ax32xx_adcEnable
                0x0201e7fc                ax32xx_adcSetBaudrate
                0x0201e82c                ax32xx_adcConverStart
                0x0201e850                ax32xx_adcRead
 .text          0x0201e8a8      0x4d0 ./Debug/src_ax32xx_auadc.c.o
                0x0201e8a8                ax32xx_auadcIRQHandler
                0x0201e938                ax32xx_auadcHalfIRQRegister
                0x0201e958                ax32xx_auadcEndIRQRegister
                0x0201e978                ax32xx_auadcEnable
                0x0201ea70                ax32xx_auadcAGCEnable
                0x0201eb00                ax32xx_auadcGainSet
                0x0201eb7c                ax32xx_auadcBufferSet
                0x0201ebdc                ax32xx_auadcInit
                0x0201ec80                ax32xx_auadcSetSampleSet
                0x0201ed64                agc_gain_mnt
 .text          0x0201ed78     0x13f4 ./Debug/src_ax32xx_isp.c.o
                0x0201ed78                ax32xx_ispModeSet
                0x0201edb4                isp_BLC_cfg
                0x0201ee08                isp_LSC_cfg
                0x0201ee40                isp_DDC_cfg
                0x0201efb0                isp_AWB_GAIN_adj
                0x0201efe4                isp_whtpnt_stat_cfg
                0x0201f24c                isp_CCM_cfg
                0x0201f304                isp_RGB_DGAIN_adj
                0x0201f390                isp_hist_stat_cfg
                0x0201f410                isp_GAMMA_cfg
                0x0201f580                isp_RGB_gam_cfg
                0x0201f704                isp_CH_cfg
                0x0201fa60                isp_VDE_cfg
                0x0201fb30                isp_EE_cfg
                0x0201fda4                isp_CCF_cfg
                0x0201fedc                isp_SAJ_cfg
                0x0201ffdc                isp_kick_stat
                0x0202000c                isp_stat_en
                0x02020050                stat_cp_kick_st
                0x02020074                stat_cp_done
                0x020200a4                isp_model_cfg
 .text          0x0202016c      0x298 ./Debug/src_jpeg_table.c.o
                0x0202016c                jpegA_table_init
                0x020202e8                ax32xx_mjpB_tab_init
 .text          0x02020404        0x0 ./Debug/src_isp_tab.c.o
 .text          0x02020404     0x12f4 ./Debug/src_ax32xx_usb.c.o
                0x02020404                _usb_bulk_tx
                0x02020540                _usb_bulk_rx
                0x0202064c                _usb_iso_kick
                0x0202073c                _iso_wait_txdown
                0x020207ac                usb_iso_tx
                0x020208ac                usb_burst_reset
                0x020208f8                usb_host_reset
                0x02020944                usb_phyreset_as_typeb
                0x02020a8c                usb_phyreset_as_typea
                0x02020bd8                usb_insert
                0x02020bec                usb_check_hal
                0x02020c00                get_u32softcnt
                0x02020c20                ax32xx_usbIRQHanlder
                0x02020d14                ax32xx_usbCallbackRegister
                0x02020d50                ax32xx_usb_hostIRQHanlder
                0x02020e54                usb_device_check
                0x02020f1c                ax32xx_usbPhyPllEnable
                0x02020fc4                usb11_registers_write
                0x02020ff0                usb11_registers_read
                0x02021028                usb_memcpy
                0x0202109c                usb_phyreset_as_typea11
                0x020211a0                usb11_host_reset
                0x020211e8                ax32xx_usb11_hostIRQHanlder
                0x02021304                usb20_host_check
                0x020213cc                usb11HostCheckNoWait
                0x02021594                usb11_host_check
                0x02021664                usb20_phyreset_as_filter
 .text          0x020216f8      0x210 ./Debug/src_ax32xx_misc.c.o
                0x020216f8                str_seek
                0x02021764                dec_num2str
                0x020217a4                char_2_hex
                0x020217f8                data_check
                0x02021838                pointer_check
                0x0202185c                half_word_memcpy
                0x02021894                word_memcpy
                0x020218cc                word_reg_memcpy
 .text          0x02021908      0x14c ./Debug/src_ax32xx_pip.c.o
                0x02021908                ax32xx_pipConfig
                0x02021984                ax32xx_pipEnable
                0x020219c8                ax32xx_pipCounterReset
                0x02021a08                ax32xx_pipGetTopLayer
                0x02021a2c                ax32xx_pipGetBotLayer
 .text          0x02021a54        0x0 ./Debug/src_ax32xx_btuart.c.o
 .text          0x02021a54        0x0 ./Debug/src_ax32xx_crc.c.o
 .text          0x02021a54      0x26c ./Debug/src_ax32xx_emi.c.o
                0x02021a54                ax32xx_emiInit
                0x02021b90                ax32xx_emiISRRegister
                0x02021bc4                ax32xx_emiIRQHandler
                0x02021c20                ax32xx_emiKick
                0x02021c7c                ax32xx_emiCheckBusy
                0x02021c9c                ax32xx_emiCheckRXError
 .text          0x02021cc0      0x278 ./Debug/src_ax32xx_rotate.c.o
                0x02021cc0                ax32xx_rotateISRRegiser
                0x02021ce0                ax32xx_rotateCheckBusy
                0x02021d00                ax32xx_rotateReset
                0x02021d4c                ax32xx_rotateStart
                0x02021e64                ax32xx_rotateWaitFrameDone
                0x02021eb8                ax32xx_rotateIRQHandler
                0x02021f08                ax32xx_rotateGetSrcYAddr
 .text          0x02021f38      0x370 ./Debug/src_ax32xx_osdcmp.c.o
                0x02021f38                ax32xx_osdcmpISRRegiser
                0x02021f58                ax32xx_osdcmpCheckBusy
                0x02021f7c                ax32xx_osdcmpReset
                0x02021fc8                ax32xx_osdcmpGetCompSize
                0x02021fe8                ax32xx_osdcmpKick
                0x020220bc                ax32xx_osdcmpWaitFrameDone
                0x02022154                ax32xx_osdcmpCompOneFrame
                0x0202225c                ax32xx_osdcmpIRQHandler
 .text          0x020222a8      0xd68 ./Debug/osd_ax32xx_osd.c.o
                0x020222a8                ax32xx_deWait
                0x02022304                ax32xx_deUpdate
                0x02022328                ax32xx_deGetUpdateStatus
                0x0202234c                ax32xx_deIRQHandler
                0x020223ac                ax32xx_deISRRegister
                0x020223cc                ax32xx_deInit
                0x02022448                ax32xx_deSetBackground
                0x0202247c                ax32xx_deSetCSC
                0x020224c8                ax32xx_videoSetDither
                0x02022568                ax32xx_videoSetScale
                0x020225b4                ax32xx_videoSetScaleLine
                0x02022624                ax32xx_videoSetScanMode
                0x02022670                ax32xx_videoGetYAddr
                0x020226a0                ax32xx_videoGetUVAddr
                0x020226d0                ax32xx_videoSetAddr
                0x020226ec                ax32xx_videoSetStride
                0x02022710                ax32xx_videoSetSize
                0x02022748                ax32xx_videoSetPosition
                0x02022770                ax32xx_videoCopyCfg
                0x020227d8                ax32xx_videoEnable
                0x0202281c                ax32xx_degamma_cfg
                0x0202283c                ax32xx_videoGammaRed
                0x02022880                ax32xx_videoGammaGreen
                0x020228c4                ax32xx_videoGammaBlue
                0x02022908                ax32xx_deSetGAMA
                0x0202298c                ax32xx_deSet_DE_CCM
                0x02022a74                ax32xx_deSet_DE_SAJ
                0x02022ae0                ax32xx_videoGammaEnable
                0x02022b24                ax32xx_osdEnable
                0x02022b90                ax32xx_osdSetSize
                0x02022be4                ax32xx_osdSetPosition
                0x02022c38                ax32xx_osdSetPalette
                0x02022c80                ax32xx_osdSetAddr
                0x02022d3c                ax32xx_osdGetAddr
                0x02022d8c                ax32xx_osdSetAlpha
                0x02022df8                ax32xx_osdSetUpscaler
                0x02022fc0                ax32xx_osdEncodeOneCode
 .text          0x02023010      0xfdc ./Debug/csi_ax32xx_csi.c.o
                0x02023010                hal_csi_fcnt_get
                0x02023040                ax32xx_csiIRQHandler
                0x020232d0                ax32xx_csiISRRegiser
                0x0202330c                ax32xx_csiMJPEGFrameSet
                0x0202337c                ax32xx_csihv_tomjp_dma_cfg
                0x02023408                ax32xx_csi_only_FrameSet
                0x02023428                ax32xx_csiYUVFrameSet
                0x0202343c                ax32xx_csiIOConfig
                0x02023494                ax32xx_csiInit
                0x020234c0                ax32xx_csiMclkSet
                0x02023584                ax32xx_csiSyncSet
                0x020235e8                ax32xx_csiPrioritySet
                0x0202362c                ax32xx_csiTypeSet
                0x02023698                ax32xx_csiModeSet
                0x020236d4                ax32xx_pclk_fir_Set
                0x0202373c                ax32xx_pclk_analog_Set
                0x0202378c                ax32xx_pclk_inv_Set
                0x020237d0                ax32xx_csi_clk_tun_Set
                0x02023818                ax32xx_csiSizeSet
                0x02023850                ax32xx_csiInputAddrSet
                0x02023868                ax32xx_csiTestModeSet
                0x020238d0                ax32xx_csiDvpClkDivSet
                0x02023918                ax32xx_csiLCDFrameSet
                0x02023944                ax32xx_csiLCDDmaEnable
                0x020239e0                ax32xx_csiLCDDmaKick
                0x02023a24                ax32xx_csiLCDScaler
                0x02023bf8                ax32xx_csiScaler
                0x02023da4                ax32xx_hvScaler
                0x02023ef8                ax32xx_csiScalerCheck
                0x02023f20                ax32xx_csiOutputSet
                0x02023f5c                ax32xx_csiEnable
 .text          0x02023fec      0xe70 ./Debug/lcd_ax32xx_lcd.c.o
                0x02023fec                ax32xx_lcdSPIMode
                0x02024018                ax32xx_lcdSPIInit
                0x020240c8                ax32xx_spiLcdnit
                0x02024154                ax32xx_lcdSPIUninit
                0x02024190                ax32xx_lcdSPISendData
                0x020242e4                ax32xx_lcdMcuSendCmd
                0x02024348                ax32xx_lcdMcuSendData
                0x0202439c                ax32xx_lcdMcuSendCmd16
                0x02024420                ax32xx_lcdMcuSendData16
                0x020244a4                ax32xx_lcdInit
                0x020244f0                ax32xx_lcdIRQEnable
                0x02024538                ax32xx_lcdPreLineSet
                0x02024554                ax32xx_lcdSignalSet
                0x020245ec                ax32xx_lcdBusWidth
                0x02024640                ax32xx_lcdBusEnable
                0x02024690                ax32xx_lcdClkSet
                0x020246b0                ax32xx_lcdSyncSet
                0x020246d4                ax32xx_lcdDESignalSet
                0x020246f8                ax32xx_lcdPositionSet
                0x02024714                ax32xx_lcdResolutionSet
                0x02024730                ax32xx_lcdWindowSizeSet
                0x0202474c                ax32xx_lcdDataModeSet
                0x02024790                ax32xx_lcdClkNumberSet
                0x020247a8                ax32xx_lcdEndLineSet
                0x020247c4                ax32xx_lcdPanelMode
                0x0202482c                ax32xx_lcdEnable
                0x02024890                ax32xx_lcdTeMode
                0x020248d8                ax32xx_lcdKick
                0x02024910                ax32xx_lcdIRQHandler
                0x02024a80                ax32xx_lcdISRRegister
                0x02024ac4                ax32xx_lcdReset
                0x02024b30                ax32xx_lcdMCUIOConfig
                0x02024c00                ax32xx_lcdRGBIOConfig
                0x02024c2c                ax32xx_lcd_lsawbtooth
                0x02024d1c                ax32xx_lcdSpiBaudRateSet
                0x02024d38                ax32xx_lcdSpiShiftDir
                0x02024d70                ax32xx_lcdSpiSendCmdBits
                0x02024dac                ax32xx_lcdSpiSendDatBits
                0x02024de8                ax32xx_lcdSpiSampleEdge
                0x02024e24                ax32xx_lcdSpiSetClkIdleState
 .text          0x02024e5c     0x1c14 ./Debug/mjpeg_ax32xx_mjpeg.c.o
                0x02024e5c                ax32xx_mpegPrint
                0x02025290                ax32xx_mjpB_reset
                0x020252fc                ax32xx_mjpegAIRQHandler
                0x02025350                ax32xx_mjpB_employ
                0x0202537c                ax32xx_mjpB_dcdown_reg
                0x0202539c                ax32xx_mjB_as_dcode
                0x020253c8                ax32xx_mjpegEA_ncodeISRRegister
                0x020253e8                ax32xx_mjpegEB_ncodeISRRegister
                0x02025408                ax32xx_mjpegEA_ncodeISR
                0x02025434                ax32xx_mjpegDecodeISRRegister
                0x02025454                ax32xx_mjpegEncodeBufferSet
                0x020254a0                ax32xx_mjpegEncodeEnable
                0x020255a8                ax32xx_mjpegEncodeSizeSet
                0x02025650                ax32xx_mjpegEncodeQuilitySet
                0x02025698                cal_jA_1s_size
                0x020256c8                ax32xx_mjpegEncodeQadj
                0x02025790                ax32xx_mjpegEncodeInfoSet
                0x020257d8                ax32xx_mjpegEncodeLoadAddrGet
                0x020257f4                ax32xx_mjpeg_inlinebuf_init
                0x02025820                ax32xx_mjpegEncodeInit
                0x02025a50                ax32xx_mjpeg_manual_on
                0x02025a94                ax32xx_mjpeg_manual_stop
                0x02025ae8                ax32xx_mjpegDecodeScalerCal
                0x02025bb8                ax32xx_mjpegDecodeSetSize
                0x02025ddc                ax32xx_mjpegDecodeOutputSet
                0x02025df8                ax32xx_mjpegDecodeInputSet
                0x02025e30                ax32xx_mjpegDecodeDriSet
                0x02025e48                ax32xx_mjpegDecodeCompressSet
                0x02025e60                ax32xx_mjpegDecodeInitTable
                0x02025ea4                ax32xx_mjpegDecodeInit
                0x020260a8                ax32xx_mjpegDecodeDCTimeSet
                0x02026148                ax32xx_mjpegDecodeEnable
                0x020261a8                ax32xx_mjpegDecodeKick
                0x020261f0                ax32xx_mjpegDecodeStop
                0x0202622c                ax32xx_mjpegBIRQHandler
                0x02026330                ax32xx_mjpegDecodeQDTCfg
                0x02026390                ax32xx_mjpegDecodeStatus
                0x020263c4                ax32xx_mjpegDecodeCheck
                0x020263f4                ax32xx_mjpegDecodeODma1Cfg
                0x02026488                ax32xx_mjpB_Ctl_init
                0x0202673c                ax32xx_mjpB_Linebuf_cfg
                0x02026768                ax32xx_mjpB_dma_cfg
                0x02026794                ax32xx_mjpB_stop
                0x020267fc                ax32xx_mjpB_on
                0x02026848                ax32xx_mjpeg_encode_check
                0x020269c4                jpeg1_decode_check
 .text          0x02026a70        0x0 ./Debug/resource_user_icon.c.o
 .text          0x02026a70        0x0 ./Debug/resource_user_str.c.o
 .text          0x02026a70      0x110 ./Debug/src_hal_adc.c.o
                0x02026a70                hal_adcInit
                0x02026aac                hal_adcRead
                0x02026ad8                hal_adcSetChannel
                0x02026b24                hal_adcGetChannel
                0x02026b60                hal_adcVDDRTCCalculate
 .text          0x02026b80       0xf0 ./Debug/src_hal_csi.c.o
                0x02026b80                hal_csiMCLKSet
                0x02026ba0                hal_csiRegister
                0x02026bd4                hal_csiResolutionGet
                0x02026c30                hal_csiAdptGet
                0x02026c50                hal_csi_SeninitGet
 .text          0x02026c70      0x24c ./Debug/src_hal_dac.c.o
                0x02026cb8                hal_dacInit
                0x02026d10                hal_dacPlayStart
                0x02026dbc                hal_dacPlayStop
                0x02026de8                hal_dacSetVolume
                0x02026e4c                hal_dacSetBuffer
                0x02026e70                hal_dacCallBackRegister
                0x02026e94                hal_dacHPSet
 .text          0x02026ebc        0x0 ./Debug/src_hal_eeprom.c.o
 .text          0x02026ebc      0x2cc ./Debug/src_hal_gpio.c.o
                0x02026ebc                hal_gpioInit
                0x02026f64                hal_gpioInit_io1d1
                0x0202700c                hal_io1d1_softstart
                0x0202703c                hal_io1d1_softstart_clr
                0x02027064                hal_io1d1_pd_enable
                0x0202708c                hal_gpioEPullSet
                0x020270e8                hal_gpioWrite
                0x02027110                hal_gpioRead
                0x02027134                hal_gpioIntInit
                0x0202715c                hal_gpioLedInit
 .text          0x02027188      0xbd4 ./Debug/src_hal_iic.c.o
                0x02027188                hal_iic0Init
                0x020271b4                hal_iic0Uninit
                0x020271d4                hal_iic08bitAddrWriteData
                0x02027270                hal_iic08bitAddrReadData
                0x02027328                hal_iic08bitAddrWrite
                0x020273e8                hal_iic08bitAddrRead
                0x020274bc                hal_iic016bitAddrWriteData
                0x02027564                hal_iic016bitAddrReadData
                0x02027628                hal_iic016bitAddrWrite
                0x020276f4                hal_iic016bitAddrRead
                0x020277d4                hal_iic1IOShare
                0x02027804                hal_iic1Init
                0x02027844                hal_iic1Uninit
                0x0202787c                hal_iic18bitAddrWriteData
                0x020278f4                hal_iic18bitAddrReadData
                0x02027988                hal_iic18bitAddrWrite
                0x02027a24                hal_iic18bitAddrRead
                0x02027ad4                hal_iic116bitAddrWriteData
                0x02027b58                hal_iic116bitAddrReadData
                0x02027bf8                hal_iic116bitAddrWrite
                0x02027ca0                hal_iic116bitAddrRead
 .text          0x02027d5c     0x1e98 ./Debug/src_hal_lcd.c.o
                0x02027efc                deocode_done
                0x02028204                hal_lcdSetBufYUV
                0x02028298                hal_lcd_vde_cfg
                0x020282d0                hal_lcd_gamma_cfg
                0x02028484                usb_lcd_cfg
                0x02028738                lcd_isp_config
                0x020288fc                hal_lcdLCMPowerOff
                0x02028970                hal_lcdPreviewStop
                0x020289bc                hal_lcdSetShowingSize
                0x020289d4                hal_lcdSetRoate
                0x020289ec                hal_lcdGetShowingBuffer
                0x02028a50                hal_lcdGetIdleBuffer
                0x02028a90                hal_lcdPreviewStart
                0x02028bcc                hal_lcdSetFrame
                0x02028bf4                vch_debug
                0x02028ce0                hal_lcdSetVCH
                0x02028db8                hal_lcdUpdataVCH
                0x02028eb4                hal_lcdSwitchFrame2
                0x02029148                hal_lcdPreSetPIPEnable
                0x02029168                hal_lcdSetPIPEnable
                0x020291a0                hal_lcdGetResolution
                0x02029224                hal_lcdGetOSDShowingResolution
                0x02029280                hal_lcdGetOSDShowingPosition
                0x020292dc                hal_lcdGetShowingRotate
                0x0202930c                hal_lcdGetBufferResolution
                0x02029368                hal_lcdGetVideoPos
                0x020293c4                lcd_struct_get
                0x020293e4                hal_lcdFrameEndCallBack
                0x02029430                hal_lcdRegister
                0x02029b70                hal_lcd_lsawtooth
                0x02029b90                hal_lcdSetCsiCrop
 .text          0x02029bf4      0x110 ./Debug/src_hal_md.c.o
                0x02029c1c                hal_mdInit
                0x02029c80                hal_mdEnable
                0x02029ccc                hal_mdCheck
 .text          0x02029d04      0x648 ./Debug/src_hal_osd.c.o
                0x02029d04                hal_osdGetIdleRotateBuffer
                0x02029d28                hal_osdGetIdleCmpBuffer
                0x02029d4c                hal_osdGetIdleDispBuffer
                0x02029d70                hal_osdBufferRelease
                0x02029d98                hal_osdDealBuffer
                0x02029e18                hal_osdInit
                0x0202a040                hal_osdGetBuff
                0x0202a088                hal_osdEnable
                0x0202a0c4                hal_osdSetAddr
                0x0202a100                hal_osdSetBuffer
                0x0202a190                hal_osdSetPosition
                0x0202a1d8                hal_osdSetPalette
                0x0202a210                hal_osdSetSize
                0x0202a250                hal_osdSetAlpha
                0x0202a290                hal_osdGetBufferResolution
                0x0202a2fc                hal_deSet_DE_CCM
                0x0202a324                hal_deSet_DE_SAJ
 .text          0x0202a34c      0xc88 ./Debug/src_hal_rtc.c.o
                0x0202a378                hal_rtcCallBackRegister
                0x0202a3d8                hal_rtcCallBackRelease
                0x0202a414                hal_rtcUninit
                0x0202a450                hal_rtcTimeGet
                0x0202a46c                hal_rtcTimeGetExt
                0x0202a4a0                hal_rtcSecondGet
                0x0202a4c0                hal_rtcTime2String
                0x0202a774                hal_rtcTime2StringExt
                0x0202a7d8                hal_rtcLeapYear
                0x0202a9f4                hal_rtcTime
                0x0202ab08                hal_rtcInit
                0x0202ac30                hal_rtcSecondSet
                0x0202ac6c                hal_rtcValue
                0x0202ad7c                hal_rtcTimeSet
                0x0202ae1c                hal_rtcAlarmSet
                0x0202aeac                hal_rtcAlarmSetExt
                0x0202af50                hal_rtcAlarmStatusGet
                0x0202af8c                hal_vddWKOEnable
                0x0202afb0                hal_vddGSENEnable
 .text          0x0202afd4      0xa60 ./Debug/src_hal_sd.c.o
                0x0202b070                hal_sdStop
                0x0202b290                hal_sdNextLBA
                0x0202b2b0                hal_sdInit
                0x0202b70c                hal_sdUninit
                0x0202b738                hal_sdLock
                0x0202b778                hal_sdUnlock
                0x0202b7a4                hal_sdCheck
                0x0202b818                hal_sdSetCardState
                0x0202b838                hal_sdGetCardState
                0x0202b858                hal_sdGetBusWidth
                0x0202b878                hal_sdCapacity
                0x0202b898                hal_sdExist
                0x0202b8c0                hal_sdWrite
                0x0202b960                hal_speed_callback
                0x0202b9b4                hal_sdRead
 .text          0x0202ba34      0x5b4 ./Debug/src_hal_spi.c.o
                0x0202ba34                hal_spiIOShare
                0x0202ba4c                hal_spiIOCheck
                0x0202ba60                hal_spiInit
                0x0202ba8c                hal_spiSendByte
                0x0202bab0                hal_spiSend
                0x0202bad0                hal_spiRecvByte
                0x0202baf0                hal_spiRecv
                0x0202bb30                hal_spiCSConfig
                0x0202bb54                hal_spiFlashReadID
                0x0202bbb4                hal_spiFlashWriteEnable
                0x0202bbe8                hal_spiFlashWait
                0x0202bc6c                hal_spiFlashReadPage
                0x0202bce4                hal_spiFlashRead
                0x0202bdac                hal_spiFlashWritePage
                0x0202be40                hal_spiFlashWrite
                0x0202bedc                hal_spiFlashEraseSector
                0x0202bf48                hal_spiFlashEraseBlock
                0x0202bfac                hal_spiFlashEraseChip
 .text          0x0202bfe8       0xd8 ./Debug/src_hal_timer.c.o
                0x0202bfe8                hal_timerStart
                0x0202c00c                hal_timerStop
                0x0202c030                hal_timerEnable
                0x0202c068                hal_timerTickEnable
                0x0202c0a0                hal_timerTickGet
 .text          0x0202c0c0      0x67c ./Debug/src_hal_uart.c.o
                0x0202c124                hal_uartIOShare
                0x0202c164                hal_uartIOShareCheck
                0x0202c1ac                hal_uartInit
                0x0202c1fc                hal_uartSendData
                0x0202c220                hal_uartRXIsrRegister
                0x0202c240                uart_PutChar_n
                0x0202c274                uart_PutStr
                0x0202c2b4                uart_Put_hex
                0x0202c3e0                uart_Put_udec
                0x0202c474                uart_Put_dec
                0x0202c51c                uart_Printf
                0x0202c660                uart_PrintfBuf
                0x0202c6f8                hal_uartPrintString
 .text          0x0202c73c      0x64c ./Debug/src_hal_watermark.c.o
                0x0202c7a4                hal_watermarkInit
                0x0202c854                hal_watermarkClose
                0x0202c8ec                hal_watermarkClear
                0x0202c96c                hal_watermarkOpen
                0x0202ca0c                hal_watermarkColor
                0x0202ca60                hal_watermarkAddr
                0x0202ca78                hal_watermarkSize
                0x0202cac4                hal_watermarkPosition
                0x0202cb10                hal_watermarkCallbackRegister
                0x0202cb58                hal_watermarkRam
                0x0202cbf8                hal_watermarkEnable
                0x0202cd68                hal_watermarkBPos_Adjust
 .text          0x0202cd88      0x48c ./Debug/src_hal_sys.c.o
                0x0202cdd0                hal_sysInit
                0x0202cf00                hal_sysMemPrint
                0x0202cf30                hal_sysMemMalloc
                0x0202d000                hal_sysMemFree
                0x0202d0f4                hal_sysMemRemain
 .text          0x0202d214      0xe08 ./Debug/src_hal_auadc.c.o
                0x0202d214                _hal_auadcCallBackEnd
                0x0202d310                _hal_auadcCallBackHalf
                0x0202d368                hal_audc_33ms_syncnt_clr
                0x0202d394                hal_audc_stamp_cal
                0x0202d3c0                hal_audc_stamp_out
                0x0202d414                hal_audc_stamp_next
                0x0202d470                hal_auadcCallBackEnd
                0x0202d55c                hal_auadcInit
                0x0202d5b4                hal_auadcMemInit
                0x0202d628                hal_auadcMemInitB
                0x0202d698                hal_auadcMemUninit
                0x0202d6e4                hal_auadcMemUninitB
                0x0202d740                hal_auadc_cnt
                0x0202d770                _hal_auadcStartForUAC
                0x0202d850                hal_auadcStartForWAV
                0x0202d948                hal_auadcStartForAVI
                0x0202da68                hal_auadcStartForAVIB
                0x0202dadc                hal_auadcBufferGet
                0x0202dbb8                hal_auadcBufferfree
                0x0202dbe4                hal_auadcBufferGetB
                0x0202dcc0                hal_auadcBufferfreeB
                0x0202dcec                hal_auadcStop
                0x0202dd18                hal_auadcBufferRelease
                0x0202dd40                hal_auadcBufferReleaseB
                0x0202dd68                hal_auadcUACProcess
                0x0202de48                hal_adcBuffer_prefull
                0x0202deac                hal_adcBuffer_halffull
                0x0202dec4                hal_adc_volume_set
                0x0202dee4                hal_adc_volume_setB
                0x0202df04                hal_uac_send
                0x0202df68                hal_auadcStartForUAC
 .text          0x0202e01c     0x242c ./Debug/src_hal_mjpeg.c.o
                0x0202e0e8                hal_mjpegStart
                0x0202e118                hal_save_frame_isr
                0x0202e19c                hal_mjpeg_manual_on
                0x0202e350                hal_mjpegCallback_state
                0x0202e38c                hal_mjpegCallback
                0x0202e59c                hal_mjpeg_manual_fdown
                0x0202e710                hal_jA_fcnt_get
                0x0202e740                hal_mjpeg_mallocbuf
                0x0202e760                hal_mjpegSrcCSI
                0x0202e8a4                hal_mjpegSrcRam
                0x0202e8b8                hal_mjpegSrcColorBar
                0x0202e940                hal_Cut_SDR_SrcCSI
                0x0202ea14                hal_mjpegMemInit
                0x0202eb2c                hal_mjpegMemUninit
                0x0202eb8c                hal_mjpegEncodeInit
                0x0202ebec                hal_mjpegEncodeUninit
                0x0202ec30                hal_mjpegEncodeResolution
                0x0202ec6c                hal_mjpegEncodeResolutionImage
                0x0202eca8                hal_mjpegSizecalculate
                0x0202ecd8                hal_mjpegUVCStart
                0x0202efb4                hal_mjpegPhotoStart
                0x0202f270                hal_mjpegAVIStart
                0x0202f54c                hal_mjpegRawDataGet
                0x0202f564                hal_mjpegRawBuffer_prefull
                0x0202f5d4                hal_mjpegRawBuffer_halffull
                0x0202f644                hal_mjpegRawBufferfree
                0x0202f66c                hal_mjpegRawBufferGet
                0x0202f7a8                hal_mjpegRawDataSet
                0x0202f7d0                hal_mjpegHeaderParse
                0x0202fe0c                hal_mjpegDecodeGetResolution
                0x0202fe54                hal_mjpegDecodeSetResolution
                0x0202fe78                hal_mjpegDecodeStatusCheck
                0x0202fe98                hal_mjpegDecodeErrorCheck
                0x0202feb8                hal_mjpegDecodeMiniSize
                0x0203003c                hal_mjpegDecodeStop
                0x0203005c                hal_mjpegDecodeReset
                0x02030090                hal_mjpegDecodePicture
                0x02030100                hal_mjpegDecodePicture_2
                0x0203016c                hal_mjpegDecodeParse
                0x0203019c                hal_mjpegDecodeOneFrame
                0x020301f4                hal_mjpegDecodeOneFrame_Ext
                0x0203027c                hal_mjpegDecodeRestart_Ext
                0x020302e8                hal_mjpegDecodeOneFrame_Fast
                0x020303ac                hal_mjpegDecodeODma1Cfg
                0x020303d0                hal_BackRecDecodeStatusCheck
 .text          0x02030448       0x34 ./Debug/src_hal_int.c.o
                0x02030448                hal_intInit
 .text          0x0203047c        0x0 ./Debug/src_hal_wdt.c.o
 .text          0x0203047c      0x42c ./Debug/src_hal_stream.c.o
                0x0203047c                hal_streamInit
                0x02030574                hal_streamMalloc
                0x0203065c                hal_streamIn_Drop
                0x020306c0                hal_streamIn
                0x0203075c                hal_streamOut
                0x020307e8                hal_streamfree
                0x02030890                hal_stream_size
 .text          0x020308a8      0x134 ./Debug/src_hal_emi.c.o
                0x02030918                hal_emiMasterTest
                0x0203097c                hal_emiSlaveTest
 .text          0x020309dc      0xdb8 ./Debug/src_hal_mjpegB.c.o
                0x020309dc                cal_jB_1s_size
                0x02030a0c                hal_jB_fcnt_get
                0x02030a3c                c_stack_setup
                0x02030b2c                cache_pre_malloc
                0x02030c14                cache_put
                0x02030cc0                cache_pre_malloc_drop
                0x02030d1c                cache_get
                0x02030d9c                cache_free
                0x02030e48                hal_mjpB_usensor_strm_init
                0x02030eb0                hal_mjpB_usensor_adrreload_hal
                0x02030f60                hal_mjpB_usensor_fram_isr
                0x02031030                hal_mjpB_usensor_fram_free
                0x02031058                hal_mjpB_usensor_fram_rd
                0x02031168                hal_get_fBcnt
                0x02031198                hal_mjpBec_sta
                0x020311c0                hal_mjpB_ecoding
                0x020311ec                hal_mjpB_ecdown
                0x02031230                hal_mjpB_photo_fdown
                0x02031264                hal_mjpB_avi_fdown
                0x02031290                hal_mjpB_ecdown_err
                0x020312d4                hal_mjpB_ecbusy
                0x02031300                hal_mjpBec_recfg
                0x02031384                hal_mjpB_manualstart
                0x020313a8                hal_mjpB_avi_fdown_err
                0x020313d4                hal_mjpB_isr
                0x02031470                hal_mjpBMemInit
                0x02031500                hal_mjpegBMemUninit
                0x02031548                api_mjp_avi_stop
                0x020315a4                mjpB_actech_as_photo
                0x02031664                hal_mjpB_actech_as_avi
                0x02031720                hal_mjpB_nextsync
                0x02031744                hal_mjpB_Buffer_prefull
 .text          0x02031794      0x1cc ./Debug/src_hal_osdcmp.c.o
                0x02031830                hal_osdcmpStart
                0x02031914                hal_osdcmpInit
                0x0203193c                hal_osdcmpCompOneFrame
 .text          0x02031960      0x318 ./Debug/src_hal_rotate.c.o
                0x02031af4                hal_rotateInit
                0x02031b48                hal_rotateAdd
 .text          0x02031c78      0xab4 ./Debug/src_hal_lcdframe.c.o
                0x02031c78                hal_lcdAddrCalculate
                0x02031d24                hal_dispframeInit
                0x020322c8                hal_dispframeVideoCfg
                0x0203254c                hal_dispframeMalloc
                0x02032608                hal_dispframeFree
                0x020326e0                hal_dispframeSetCallback
                0x020326f8                hal_dispframeGetFrameNums
 .text          0x0203272c     0x4358 ./Debug/isp_hal_isp.c.o
                0x0203272c                isp_AWB_auto_adj
                0x0203296c                isp_isr_hal
                0x02032a2c                isp_stat_isr_hal
                0x02032a94                dely_ms
                0x02032ac8                hal_ispFrameCnt
                0x02032b08                awb_manual_gain_adapt
                0x02032b9c                isp_AWB_manual_adj
                0x02032be8                isp_AWB_adj_cfg
                0x02032cc0                isp_AE_adj_cfg
                0x02032d30                isp_LSC_adj_cfg
                0x02032d94                awb_scene_mod_set
                0x02032f0c                isp_contra_table_load
                0x02032f94                isp_rgbgma_table_load
                0x0203306c                isp_gma_table_load
                0x02033144                isp_table_load
                0x02033190                isp_para_config
                0x0203351c                dot_num_stat
                0x02033570                y_sum_stat
                0x020335f0                find_peak
                0x020336a0                find_y_of_dotsum
                0x02033730                get_isp_adapt_val
                0x02033790                get_isp_adapt_val_u8
                0x020337e8                soft_exp
                0x02033ca4                hgrm_stat
                0x02033dec                isp_calculate
                0x02033f28                isp_adjust
                0x02034498                sensor_compensate_exp_set
                0x02034550                isp_get_scen_light
                0x02034570                isp_color_on_off
                0x02034584                sensor_frame_rate_adapt
                0x02034690                sensor_frame_rate_adapt_for_dark
                0x02034728                isp_process
                0x0203478c                isp_process_check
                0x020347fc                exp_gain_separate
                0x02034850                exp_br_cal
                0x020348e4                exposal_adj
                0x02034bec                isp_all_model_cfg
                0x02034c48                hal_ispService
                0x02034d0c                hal_isp_sof_loop
                0x02035144                hal_commom_isr
                0x0203528c                init_common_str
                0x0203548c                sensor_isp_adapt
                0x02035530                isp_para_init
                0x02035550                isp_init
                0x020355e8                hal_isp_debug_read
                0x02035704                hal_Sensor_common_Get
                0x02035740                CopyToMember
                0x020357c4                hal_Sensor_common_Set
                0x020362d0                ygama_update
                0x02036358                hal_isp_debug_write
                0x02036808                awb_update
                0x02036a50                ispReadFlash
 .text          0x02036a84      0x584 ./Debug/dusb_hal_usb_api.c.o
                0x02036a84                usb_bulk_tx
                0x02036ab0                usb_bulk_rx
                0x02036adc                hal_usbdReset
                0x02036b0c                usb_uvciso_kick
                0x02036b3c                usb_uvciso_wait_txdown
                0x02036b60                usb_uaciso_kick
                0x02036b90                usb_uaciso_wait_txdown
                0x02036bb4                uac_on
                0x02036bdc                uac_off
                0x02036bfc                usb_fun_reg
                0x02036d50                hal_usbdInit
                0x02036d90                hal_usbdUninit
                0x02036dc0                hal_usbdEnable
                0x02036de8                hal_usbdUVCProcess
                0x02036fb4                hal_usbdProcess
                0x02036fe8                hal_usbdCheck
 .text          0x02037008      0xf94 ./Debug/dusb_hal_usb_dev_enum.c.o
                0x02037008                usb_ep0_tx
                0x02037088                usbdev_stack_init
                0x020370b8                usbdev_rqu
                0x020370e0                usbdev_reset
                0x0203710c                usb_bot_reset
                0x02037158                usb_check_faddr
                0x020371a4                usb_ep0_clrrx_pkt0
                0x020371e0                usb_stall_ep
                0x0203726c                usb_clear_ep
                0x020372e8                usb_ep0_get_request
                0x02037330                usb_ep0_transfer
                0x020373e4                usb_ep0_receive
                0x0203743c                usb_ep0_get_status
                0x0203754c                usb_ep0_clr_feature
                0x020375c4                usb_ep0_set_feature
                0x02037634                usb_ep0_set_address
                0x020376c8                usb_ep0_get_configuration
                0x0203771c                usb_ep0_set_configuration
                0x02037798                usb_ep0_get_interface
                0x020377e0                uvc_ready
                0x02037808                uac_ready
                0x02037830                usb_ep0_set_interface
                0x02037984                usb_ep0_descriptor
                0x020379f0                usb_ep0_get_descriptor
                0x02037b00                usb_ep0_standard
                0x02037b9c                usb_ep0_class_get_lun
                0x02037be0                usb_ep0_class
                0x02037ce8                usb_ep0_request
                0x02037d34                usb_ep0_hal
                0x02037e28                enum_epx_cfg
                0x02037ec8                usb_dev_enum_reg
 .text          0x02037f9c     0x1530 ./Debug/dusb_hal_usb_msc.c.o
                0x02037f9c                msc_epx_cfg
                0x0203803c                ScsiStallAll
                0x020380c4                ScsiStallIn
                0x02038134                ScsiStallout
                0x02038178                dev_online
                0x020381a8                dev_cap
                0x020381d4                dev_stop
                0x02038200                dev_busy
                0x0203822c                dev_free
                0x02038258                mscSet_Status
                0x02038294                Host_In_Data
                0x02038340                mscCmd_ReadCapacity
                0x0203841c                mscCmd_ReadFormatCapacity
                0x02038514                mscCmd_RequestSense
                0x020385b4                mscCmd_Inquiry
                0x0203860c                mscCmd_ModeSense6
                0x02038698                mscCmd_TestUnitReady
                0x02038724                mscCmd_StartStopUnit
                0x02038774                mscCmd_PreventAllowMediumRemoval
                0x020387b4                mscCmd_Verify
                0x020387cc                cb_FIFO2mem
                0x02038868                cb_mem2FIFO
                0x020388f4                cb_mem_read
                0x0203896c                cb_mem_write
                0x020389ec                cb_mem_rwex
                0x02038a28                mscCmd_ufmod
                0x02038a78                sent_csw
                0x02038b38                mscCmd_Read
                0x02038c68                mscCmd_Write
                0x02038dc4                cbw_update
                0x02038f54                scsi_cmd_analysis
                0x020391cc                get_cbw
                0x020393d8                rbc_rec_pkg
                0x0203946c                rbc_process
 .text          0x020394cc      0x3cc ./Debug/dusb_hal_usb_uac.c.o
                0x020394cc                UacReceiveSetSamplingFreqCallback
                0x02039520                uac_epx_cfg
                0x020395b4                uac_unit_ctl_hal
                0x0203972c                UacHandleToStreaming
                0x020397fc                uac_start
                0x0203985c                uac_stop
 .text          0x02039898      0x878 ./Debug/dusb_hal_usb_uvc.c.o
                0x02039898                uvc_video_probe_control_callback
                0x020398e0                uvc_video_commit_control_callback
                0x02039928                uvc_still_probe_control_callback
                0x02039970                uvc_still_commit_control_callback
                0x020399b8                uvc_unit_ctl_ex_hal
                0x02039a78                uvc_unit_ctl_hal
                0x02039b38                uvc_video_probe_control
                0x02039be8                uvc_video_commit_control
                0x02039c98                uvc_still_probe_control
                0x02039d48                uvc_still_commit_control
                0x02039df8                uvc_probe_ctl_hal
                0x02039e88                uvc_epx_cfg
                0x02039edc                uvc_on
                0x02039f3c                uvc_off
                0x02039f60                uvc_pkg_tx
                0x02039fe8                uvc_header
                0x0203a044                uvc_header_fill
                0x0203a0f0                uvc_get_tgl
 .text          0x0203a110      0x484 ./Debug/husb_hal_usb_host_api.c.o
                0x0203a110                delay_5ms
                0x0203a144                usb11_host_enum
                0x0203a1bc                usb_host_fun_reg
                0x0203a20c                hal_husb_init_typeA
                0x0203a280                usb_host_speed_connect
                0x0203a2e8                usb_host_enum
                0x0203a338                uvc_host_dev_detech
                0x0203a360                usb_host_remove
                0x0203a3b0                usb11_host_remove
                0x0203a40c                usensor_online
                0x0203a438                usb11_host_fun_reg
                0x0203a488                hal_husb11_init_typeA
                0x0203a4fc                usb_host_detect
                0x0203a570                usb_host_type_set
 .text          0x0203a594      0xb20 ./Debug/husb_hal_usb_host_tpbulk.c.o
                0x0203a594                udisk_actech
                0x0203a5c4                udisk_state
                0x0203a5e4                msc_init
                0x0203a728                epbulk_send_dat
                0x0203a894                epbulk_receive_dat
                0x0203a9f4                rbc_write_lba
                0x0203ab40                cbw_init
                0x0203ab94                rbc_read_lba
                0x0203ac90                spc_inquiry
                0x0203ad44                spc_test_unit_rdy
                0x0203addc                spc_request_sense
                0x0203ae84                rbc_read_capacity
                0x0203afa8                enum_mass_dev
 .text          0x0203b0b4     0x116c ./Debug/husb_hal_usb_host_uvc.c.o
                0x0203b0b4                iso_receive_dat11
                0x0203b238                iso_receive_dat
                0x0203b354                api_uvc_fcnt_get
                0x0203b384                huvc_cache_statck_init
                0x0203b408                huvc_get_jfillhal
                0x0203b4ac                huvc_get_jdcodhal
                0x0203b558                huvc_jfill_loadadr
                0x0203b5ac                huvc_jdcod_load
                0x0203b618                huvc_jfill_down
                0x0203b688                huvc_dcod_down
                0x0203b6f8                hal_huvc_strm_init
                0x0203b718                usb_usensor_frame_read
                0x0203b7bc                iso_recive_payload_isr
                0x0203b8c8                uvc_recevie_jframe_isr
                0x0203bb1c                uvc_fstatck_init
                0x0203bb4c                uvc_host_init
                0x0203bc34                uvc_actech_as_usensor
                0x0203bcd4                uvc11_actech_as_usensor
                0x0203bd7c                uvc_host11_init